 
[19-04-2026 17:56:46,56] Iniciando actualizacion automatica... 

Descubriendo series desde futbol.aira.cl...

  ✓  5 series encontradas: Junior, Senior, Super Senior, Dorada, Diamante

  Posiciones junior       ... OK (14 equipos)
  Programacion junior    ... OK (0 partidos de Maristas)
  Posiciones senior       ... OK (14 equipos)
  Programacion senior    ... OK (0 partidos de Maristas)
  Posiciones supersenior  ... OK (12 equipos)
  Programacion supersenior... OK (0 partidos de Maristas)
  Posiciones dorada       ... OK (12 equipos)
  Programacion dorada    ... OK (0 partidos de Maristas)
  Posiciones diamante     ... OK (12 equipos)
  Programacion diamante  ... OK (0 partidos de Maristas)

  ✓  index.html actualizado (5/5 series)

[19-04-2026 17:56:48,81] Fin. 
 
[19-04-2026 18:34:11,35] Iniciando actualizacion automatica... 

Descubriendo series desde futbol.aira.cl...

  ✓  5 series encontradas: Junior, Senior, Super Senior, Dorada, Diamante

  Posiciones junior       ... OK (14 equipos)
  Programacion junior    ... OK (0 partidos de Maristas)
  Posiciones senior       ... OK (14 equipos)
  Programacion senior    ... OK (0 partidos de Maristas)
  Posiciones supersenior  ... OK (12 equipos)
  Programacion supersenior... OK (0 partidos de Maristas)
  Posiciones dorada       ... OK (12 equipos)
  Programacion dorada    ... OK (0 partidos de Maristas)
  Posiciones diamante     ... OK (12 equipos)
  Programacion diamante  ... OK (0 partidos de Maristas)

  ✓  index.html actualizado (5/5 series)

[19-04-2026 18:34:13,13] Fin. 
 
[20-04-2026 20:08:17,68] Iniciando actualizacion automatica... 

Descubriendo series desde futbol.aira.cl...

 
[20-04-2026 20:08:32,56] Iniciando actualizacion automatica... 

Descubriendo series desde futbol.aira.cl...

  ✓  5 series encontradas: Junior, Senior, Super Senior, Dorada, Diamante

  Posiciones junior       ... OK (14 equipos)
  Programacion junior    ... OK (1 partidos de Maristas)
  Goleadores   junior    ... OK (0 goleadores de Maristas)
  Posiciones senior       ... OK (14 equipos)
  Programacion senior    ... OK (1 partidos de Maristas)
  Goleadores   senior    ... OK (0 goleadores de Maristas)
  Posiciones supersenior  ... OK (12 equipos)
  Programacion supersenior... OK (1 partidos de Maristas)
  Goleadores   supersenior... OK (0 goleadores de Maristas)
  Posiciones dorada       ... OK (12 equipos)
  Programacion dorada    ... OK (1 partidos de Maristas)
  Goleadores   dorada    ... OK (3 goleadores de Maristas)
  Posiciones diamante     ... OK (12 equipos)
  Programacion diamante  ... OK (1 partidos de Maristas)
  Goleadores   diamante  ... OK (0 goleadores de Maristas)

  Goleadores Maristas: 3 jugador(es) en el ranking

  Proxima fecha: 5 partido(s) listado(s)

  ✓  index.html actualizado (5/5 series)

[20-04-2026 20:08:36,10] Fin. 
 
[22-04-2026 17:28:13,97] Iniciando actualizacion automatica... 

Descubriendo series desde futbol.aira.cl...

  ✓  5 series encontradas: Junior, Senior, Super Senior, Dorada, Diamante

  Posiciones junior       ... OK (14 equipos)
  Programacion junior    ... OK (1 partidos de Maristas)
  Goleadores   junior    ... OK (0 goleadores de Maristas)
  Posiciones senior       ... OK (14 equipos)
  Programacion senior    ... OK (0 partidos de Maristas)
  Goleadores   senior    ... OK (3 goleadores de Maristas)
  Posiciones supersenior  ... OK (12 equipos)
  Programacion supersenior... OK (1 partidos de Maristas)
  Goleadores   supersenior... OK (0 goleadores de Maristas)
  Posiciones dorada       ... OK (12 equipos)
  Programacion dorada    ... OK (0 partidos de Maristas)
  Goleadores   dorada    ... OK (4 goleadores de Maristas)
  Posiciones diamante     ... OK (12 equipos)
  Programacion diamante  ... OK (1 partidos de Maristas)
  Goleadores   diamante  ... OK (0 goleadores de Maristas)

  Goleadores Maristas: 7 jugador(es) en el ranking

  Proxima fecha: 3 partido(s) listado(s)

  ✓  index.html actualizado (5/5 series)

[22-04-2026 17:28:17,55] Fin. 
 
[23-04-2026  7:00:00,99] Iniciando actualizacion automatica... 

Descubriendo series desde futbol.aira.cl...

  ✓  5 series encontradas: Junior, Senior, Super Senior, Dorada, Diamante

  Posiciones junior       ... OK (14 equipos)
  Programacion junior    ... OK (1 partidos de Maristas)
  Goleadores   junior    ... OK (0 goleadores de Maristas)
  Posiciones senior       ... OK (14 equipos)
  Programacion senior    ... OK (1 partidos de Maristas)
  Goleadores   senior    ... OK (3 goleadores de Maristas)
  Posiciones supersenior  ... OK (12 equipos)
  Programacion supersenior... OK (1 partidos de Maristas)
  Goleadores   supersenior... OK (0 goleadores de Maristas)
  Posiciones dorada       ... OK (12 equipos)
  Programacion dorada    ... OK (1 partidos de Maristas)
  Goleadores   dorada    ... OK (4 goleadores de Maristas)
  Posiciones diamante     ... OK (12 equipos)
  Programacion diamante  ... OK (0 partidos de Maristas)
  Goleadores   diamante  ... OK (0 goleadores de Maristas)

  Goleadores Maristas: 7 jugador(es) en el ranking

  Proxima fecha: 4 partido(s) listado(s)

  ✓  index.html actualizado (5/5 series)

[23-04-2026  7:00:05,89] Fin. 
